// Vitest Snapshot v1, https://vitest.dev/guide/snapshot.html

exports[`<ConsentBanner /> snapshot > renderiza banner inicial (sem consent salvo) — snapshot 1`] = `
<div>
  <div
    aria-labelledby="rfg-consent-title"
    aria-modal="false"
    class="fixed inset-x-3 bottom-[max(0.75rem,env(safe-area-inset-bottom))] z-40 mx-auto max-w-2xl max-h-[70vh] overflow-y-auto rounded-2xl border border-neutral-200 bg-white p-4 shadow-2xl md:p-5"
    data-testid="consent-banner"
    role="dialog"
  >
    <div
      class="flex flex-col gap-4"
    >
      <div
        class="flex flex-col gap-2"
      >
        <h2
          class="font-display text-body font-semibold text-neutral-900"
          id="rfg-consent-title"
        >
          Sua privacidade importa
        </h2>
        <p
          class="text-body-sm text-neutral-700"
        >
          Usamos cookies essenciais e, com sua autorização, de análise e marketing. Veja a
           
          <a
            class="font-semibold text-rfg-dark underline underline-offset-2 hover:text-rfg-mid"
            href="/politica-de-privacidade"
          >
            Política de Privacidade
          </a>
          .
        </p>
      </div>
      <div
        class="flex flex-col gap-2"
      >
        <div
          class="grid grid-cols-2 gap-2"
        >
          <button
            class="h-11 rounded-full bg-rfg-dark px-5 text-[0.9375rem] font-semibold text-white transition-colors hover:bg-[#1d5895]"
            type="button"
          >
            Recusar
          </button>
          <button
            class="h-11 rounded-full bg-rfg-dark px-5 text-[0.9375rem] font-semibold text-white transition-colors hover:bg-[#1d5895]"
            type="button"
          >
            Aceitar todos
          </button>
        </div>
        <button
          class="h-11 text-[0.875rem] font-medium text-neutral-600 underline underline-offset-4 hover:text-rfg-dark"
          type="button"
        >
          Personalizar
        </button>
      </div>
    </div>
  </div>
</div>
`;
